[C:/Users/kitahashi/Documents/高安研HP/apec2016/backblue.gif]
[C:/Users/kitahashi/Documents/高安研HP/apec2016/fade.gif]
[C:/Users/kitahashi/Documents/高安研HP/apec2016/index.html]
[C:/Users/kitahashi/Documents/高安研HP/apec2016/apec-sss2016.org/wp/comments/feed/index.html]
[C:/Users/kitahashi/Documents/高安研HP/apec2016/apec-sss2016.org/wp/feed/index.html]
[C:/Users/kitahashi/Documents/高安研HP/apec2016/apec-sss2016.org/wp/wp-includes/js/jquery/jquery.js]
[C:/Users/kitahashi/Documents/高安研HP/apec2016/apec-sss2016.org/wp/wp-includes/js/jquery/jquery-migrate.min.js]
[C:/Users/kitahashi/Documents/高安研HP/apec2016/apec-sss2016.org/wp/wp-content/plugins/download-manager/assets/bootstrap/js/bootstrap.min.js]
[C:/Users/kitahashi/Documents/高安研HP/apec2016/apec-sss2016.org/wp/wp-content/plugins/download-manager/assets/js/front.js]
[C:/Users/kitahashi/Documents/高安研HP/apec2016/apec-sss2016.org/wp/wp-content/plugins/download-manager/assets/js/chosen.jquery.min.js]
[C:/Users/kitahashi/Documents/高安研HP/apec2016/apec-sss2016.org/wp/wp-content/plugins/pirate-forms/js/scripts-general.js]
[C:/Users/kitahashi/Documents/高安研HP/apec2016/apec-sss2016.org/wp/xmlrpc0db0.php]
[C:/Users/kitahashi/Documents/高安研HP/apec2016/apec-sss2016.org/wp/wp-json/index.html]
[C:/Users/kitahashi/Documents/高安研HP/apec2016/apec-sss2016.org/wp/wp-content/uploads/2016/01/akamo_small1.jpg]
[C:/Users/kitahashi/Documents/高安研HP/apec2016/apec-sss2016.org/wp/wp-content/uploads/2015/12/APEC-SSS-2016-logo1.png]
[C:/Users/kitahashi/Documents/高安研HP/apec2016/apec-sss2016.org/wp/wp-content/themes/zerif-lite/images/blank-latestposts.png]
[C:/Users/kitahashi/Documents/高安研HP/apec2016/apec-sss2016.org/wp/wp-content/themes/zerif-lite/images/envelope4-green.png]
[C:/Users/kitahashi/Documents/高安研HP/apec2016/apec-sss2016.org/wp/wp-includes/js/jquery/jquery.form.min.js]
[C:/Users/kitahashi/Documents/高安研HP/apec2016/apec-sss2016.org/wp/wp-content/themes/zerif-lite/js/scrollReveal.js]
[C:/Users/kitahashi/Documents/高安研HP/apec2016/apec-sss2016.org/wp/wp-content/themes/zerius/js/zerif.js]
[C:/Users/kitahashi/Documents/高安研HP/apec2016/apec-sss2016.org/wp/wp-content/themes/zerius/js/jquery.nicescroll.js]
[C:/Users/kitahashi/Documents/高安研HP/apec2016/apec-sss2016.org/wp/wp-content/themes/zerius/js/zerif-nicescroll.js]
[C:/Users/kitahashi/Documents/高安研HP/apec2016/apec-sss2016.org/wp/wp-content/themes/zerif-lite/js/bootstrap.min.js]
[C:/Users/kitahashi/Documents/高安研HP/apec2016/apec-sss2016.org/wp/wp-content/themes/zerif-lite/js/jquery.knob.js]
[C:/Users/kitahashi/Documents/高安研HP/apec2016/apec-sss2016.org/wp/wp-content/themes/zerif-lite/js/smoothscroll.js]
[C:/Users/kitahashi/Documents/高安研HP/apec2016/apec-sss2016.org/wp/wp-content/themes/zerif-lite/js/zerif.js]
[C:/Users/kitahashi/Documents/高安研HP/apec2016/apec-sss2016.org/wp/index.html]
[C:/Users/kitahashi/Documents/高安研HP/apec2016/apec-sss2016.org/wp/xmlrpc.php]
[C:/Users/kitahashi/Documents/高安研HP/apec2016/apec-sss2016.org/wp/wp-content/plugins/download-manager/assets/font-awesome/fonts/fontawesome-webfont93e3.eot]
[C:/Users/kitahashi/Documents/高安研HP/apec2016/apec-sss2016.org/wp/wp-content/plugins/download-manager/assets/font-awesome/fonts/fontawesome-webfontd41d.eot]
[C:/Users/kitahashi/Documents/高安研HP/apec2016/apec-sss2016.org/wp/wp-content/plugins/download-manager/assets/font-awesome/fonts/fontawesome-webfont93e3.woff2]
[C:/Users/kitahashi/Documents/高安研HP/apec2016/apec-sss2016.org/wp/wp-content/plugins/download-manager/assets/font-awesome/fonts/fontawesome-webfont93e3.woff]
[C:/Users/kitahashi/Documents/高安研HP/apec2016/apec-sss2016.org/wp/wp-content/plugins/download-manager/assets/font-awesome/fonts/fontawesome-webfont93e3.ttf]
[C:/Users/kitahashi/Documents/高安研HP/apec2016/apec-sss2016.org/wp/wp-content/plugins/download-manager/assets/font-awesome/css/font-awesome.min.css]
[C:/Users/kitahashi/Documents/高安研HP/apec2016/apec-sss2016.org/wp/wp-content/plugins/download-manager/assets/bootstrap/fonts/glyphicons-halflings-regular.eot]
[C:/Users/kitahashi/Documents/高安研HP/apec2016/apec-sss2016.org/wp/wp-content/plugins/download-manager/assets/bootstrap/fonts/glyphicons-halflings-regulard41d.eot]
[C:/Users/kitahashi/Documents/高安研HP/apec2016/apec-sss2016.org/wp/wp-content/plugins/download-manager/assets/bootstrap/fonts/glyphicons-halflings-regular.woff]
[C:/Users/kitahashi/Documents/高安研HP/apec2016/apec-sss2016.org/wp/wp-content/plugins/download-manager/assets/bootstrap/fonts/glyphicons-halflings-regular.ttf]
[C:/Users/kitahashi/Documents/高安研HP/apec2016/apec-sss2016.org/wp/wp-content/plugins/download-manager/assets/bootstrap/css/bootstrap.css]
[C:/Users/kitahashi/Documents/高安研HP/apec2016/apec-sss2016.org/wp/wp-content/plugins/download-manager/assets/images/wpdm-settings.png]
[C:/Users/kitahashi/Documents/高安研HP/apec2016/apec-sss2016.org/wp/wp-content/plugins/download-manager/assets/css/front.css]
[C:/Users/kitahashi/Documents/高安研HP/apec2016/apec-sss2016.org/wp/wp-content/plugins/download-manager/assets/images/plus.png]
[C:/Users/kitahashi/Documents/高安研HP/apec2016/apec-sss2016.org/wp/wp-content/plugins/pirate-forms/css/front.css]
[C:/Users/kitahashi/Documents/高安研HP/apec2016/apec-sss2016.org/wp/wp-content/themes/zerif-lite/css/bootstrap.css]
[C:/Users/kitahashi/Documents/高安研HP/apec2016/apec-sss2016.org/wp/wp-content/themes/zerif-lite/images/search_icon.png]
[C:/Users/kitahashi/Documents/高安研HP/apec2016/apec-sss2016.org/wp/wp-content/themes/zerif-lite/images/loading.gif]
[C:/Users/kitahashi/Documents/高安研HP/apec2016/apec-sss2016.org/wp/wp-content/themes/zerif-lite/images/left-arrow.png]
[C:/Users/kitahashi/Documents/高安研HP/apec2016/apec-sss2016.org/wp/wp-content/themes/zerif-lite/images/right-arrow.png]
[C:/Users/kitahashi/Documents/高安研HP/apec2016/apec-sss2016.org/wp/wp-content/themes/zerif-lite/images/lines.png]
[C:/Users/kitahashi/Documents/高安研HP/apec2016/apec-sss2016.org/wp/wp-content/themes/zerif-lite/images/lines-dark.png]
[C:/Users/kitahashi/Documents/高安研HP/apec2016/apec-sss2016.org/wp/wp-content/themes/zerif-lite/images/woostars.png]
[C:/Users/kitahashi/Documents/高安研HP/apec2016/apec-sss2016.org/wp/wp-content/themes/zerif-lite/images/menu-icon.png]
[C:/Users/kitahashi/Documents/高安研HP/apec2016/apec-sss2016.org/wp/wp-content/themes/zerif-lite/style.css]
[C:/Users/kitahashi/Documents/高安研HP/apec2016/apec-sss2016.org/wp/wp-content/themes/zerif-lite/fonts/fontawesome-webfont78ce.eot]
[C:/Users/kitahashi/Documents/高安研HP/apec2016/apec-sss2016.org/wp/wp-content/themes/zerif-lite/fonts/fontawesome-webfontd41d.eot]
[C:/Users/kitahashi/Documents/高安研HP/apec2016/apec-sss2016.org/wp/wp-content/themes/zerif-lite/fonts/fontawesome-webfont78ce.woff]
[C:/Users/kitahashi/Documents/高安研HP/apec2016/apec-sss2016.org/wp/wp-content/themes/zerif-lite/fonts/fontawesome-webfont78ce.ttf]
[C:/Users/kitahashi/Documents/高安研HP/apec2016/apec-sss2016.org/wp/wp-content/themes/zerif-lite/css/font-awesome.min.css]
[C:/Users/kitahashi/Documents/高安研HP/apec2016/apec-sss2016.org/wp/wp-content/themes/zerif-lite/css/pixeden-icons.css]
[C:/Users/kitahashi/Documents/高安研HP/apec2016/apec-sss2016.org/wp/wp-content/themes/zerius/images/search.png]
[C:/Users/kitahashi/Documents/高安研HP/apec2016/apec-sss2016.org/wp/wp-content/themes/zerius/images/shattered.png]
[C:/Users/kitahashi/Documents/高安研HP/apec2016/apec-sss2016.org/wp/wp-content/themes/zerius/images/agsquare.png]
[C:/Users/kitahashi/Documents/高安研HP/apec2016/apec-sss2016.org/wp/wp-content/themes/zerius/images/load.gif]
[C:/Users/kitahashi/Documents/高安研HP/apec2016/apec-sss2016.org/wp/wp-content/themes/zerius/style.css]
[C:/Users/kitahashi/Documents/高安研HP/apec2016/apec-sss2016.org/wp/wp-content/themes/zerius/images/noise.png]
[C:/Users/kitahashi/Documents/高安研HP/apec2016/apec-sss2016.org/wp/wp-content/themes/zerif-lite/css/responsive.css]
[C:/Users/kitahashi/Documents/高安研HP/apec2016/apec-sss2016.org/wp/wp-content/plugins/multilingual-press/assets/css/frontend.min.css]
[C:/Users/kitahashi/Documents/高安研HP/apec2016/apec-sss2016.org/wp/wp-admin/admin-ajax.html]
[C:/Users/kitahashi/Documents/高安研HP/apec2016/apec-sss2016.org/wp/jp/feed/index.html]
[C:/Users/kitahashi/Documents/高安研HP/apec2016/apec-sss2016.org/wp/jp/comments/feed/index.html]
[C:/Users/kitahashi/Documents/高安研HP/apec2016/apec-sss2016.org/wp/jp/wp-includes/js/jquery/jquery.js]
[C:/Users/kitahashi/Documents/高安研HP/apec2016/apec-sss2016.org/wp/jp/wp-includes/js/jquery/jquery-migrate.min.js]
[C:/Users/kitahashi/Documents/高安研HP/apec2016/apec-sss2016.org/wp/jp/wp-content/plugins/download-manager/assets/bootstrap/js/bootstrap.min.js]
[C:/Users/kitahashi/Documents/高安研HP/apec2016/apec-sss2016.org/wp/jp/wp-content/plugins/download-manager/assets/js/front.js]
[C:/Users/kitahashi/Documents/高安研HP/apec2016/apec-sss2016.org/wp/jp/wp-content/plugins/download-manager/assets/js/chosen.jquery.min.js]
[C:/Users/kitahashi/Documents/高安研HP/apec2016/apec-sss2016.org/wp/jp/wp-content/plugins/pirate-forms/js/scripts-general.js]
[C:/Users/kitahashi/Documents/高安研HP/apec2016/apec-sss2016.org/wp/jp/xmlrpc0db0.php]
[C:/Users/kitahashi/Documents/高安研HP/apec2016/apec-sss2016.org/wp/jp/wp-content/uploads/sites/2/2016/01/akamo_small.jpg]
[C:/Users/kitahashi/Documents/高安研HP/apec2016/apec-sss2016.org/wp/jp/wp-content/uploads/sites/2/2016/01/APEC-SSS-2016-logo-150x150.png]
[C:/Users/kitahashi/Documents/高安研HP/apec2016/apec-sss2016.org/wp/jp/wp-content/uploads/sites/2/2016/01/APEC-SSS-2016-logo.png]
[C:/Users/kitahashi/Documents/高安研HP/apec2016/apec-sss2016.org/wp/jp/wp-content/themes/zerif-lite/images/blank-latestposts.png]
[C:/Users/kitahashi/Documents/高安研HP/apec2016/apec-sss2016.org/wp/jp/wp-content/themes/zerif-lite/images/map25-redish.png]
[C:/Users/kitahashi/Documents/高安研HP/apec2016/apec-sss2016.org/wp/jp/wp-content/themes/zerif-lite/images/envelope4-green.png]
[C:/Users/kitahashi/Documents/高安研HP/apec2016/apec-sss2016.org/wp/jp/wp-content/themes/zerif-lite/images/telephone65-blue.png]
[C:/Users/kitahashi/Documents/高安研HP/apec2016/apec-sss2016.org/wp/jp/wp-includes/js/jquery/jquery.form.min.js]
[C:/Users/kitahashi/Documents/高安研HP/apec2016/apec-sss2016.org/wp/jp/wp-content/themes/zerif-lite/js/scrollReveal.js]
[C:/Users/kitahashi/Documents/高安研HP/apec2016/apec-sss2016.org/wp/jp/wp-content/themes/zerius/js/zerif.js]
[C:/Users/kitahashi/Documents/高安研HP/apec2016/apec-sss2016.org/wp/jp/wp-content/themes/zerius/js/jquery.nicescroll.js]
[C:/Users/kitahashi/Documents/高安研HP/apec2016/apec-sss2016.org/wp/jp/wp-content/themes/zerius/js/zerif-nicescroll.js]
[C:/Users/kitahashi/Documents/高安研HP/apec2016/apec-sss2016.org/wp/jp/wp-content/themes/zerif-lite/js/bootstrap.min.js]
[C:/Users/kitahashi/Documents/高安研HP/apec2016/apec-sss2016.org/wp/jp/wp-content/themes/zerif-lite/js/jquery.knob.js]
[C:/Users/kitahashi/Documents/高安研HP/apec2016/apec-sss2016.org/wp/jp/wp-content/themes/zerif-lite/js/smoothscroll.js]
[C:/Users/kitahashi/Documents/高安研HP/apec2016/apec-sss2016.org/wp/jp/wp-content/themes/zerif-lite/js/zerif.js]
[C:/Users/kitahashi/Documents/高安研HP/apec2016/apec-sss2016.org/wp/jp/index8695.html]
[C:/Users/kitahashi/Documents/高安研HP/apec2016/apec-sss2016.org/wp/wp-json/oembed/1.0/embed21b5.json]
[C:/Users/kitahashi/Documents/高安研HP/apec2016/apec-sss2016.org/wp/wp-json/oembed/1.0/embed35ec]
[C:/Users/kitahashi/Documents/高安研HP/apec2016/apec-sss2016.org/wp/wp-content/uploads/2016/08/AccessMap.pdf]
[C:/Users/kitahashi/Documents/高安研HP/apec2016/apec-sss2016.org/wp/wp-content/uploads/2016/08/HongoCampus_All.pdf]
[C:/Users/kitahashi/Documents/高安研HP/apec2016/apec-sss2016.org/wp/wp-content/uploads/2016/08/AccessMap.jpg]
[C:/Users/kitahashi/Documents/高安研HP/apec2016/apec-sss2016.org/wp/wp-content/uploads/2016/08/HongoCampus_part.jpg]
[C:/Users/kitahashi/Documents/高安研HP/apec2016/apec-sss2016.org/wp/wp-content/uploads/2016/01/japan_small.jpg]
[C:/Users/kitahashi/Documents/高安研HP/apec2016/apec-sss2016.org/wp/venue/index.html]
[C:/Users/kitahashi/Documents/高安研HP/apec2016/apec-sss2016.org/wp/wp-json/oembed/1.0/embed300b.json]
[C:/Users/kitahashi/Documents/高安研HP/apec2016/apec-sss2016.org/wp/wp-json/oembed/1.0/embedebf1]
[C:/Users/kitahashi/Documents/高安研HP/apec2016/apec-sss2016.org/wp/hongo-campus/index.html]
[C:/Users/kitahashi/Documents/高安研HP/apec2016/apec-sss2016.org/wp/wp-json/oembed/1.0/embed5ac9.json]
[C:/Users/kitahashi/Documents/高安研HP/apec2016/apec-sss2016.org/wp/wp-json/oembed/1.0/embed8351]
[C:/Users/kitahashi/Documents/高安研HP/apec2016/apec-sss2016.org/wp/wp-content/uploads/2015/12/4e9366fe15aedc2a363644f88fe1959e.jpg]
[C:/Users/kitahashi/Documents/高安研HP/apec2016/apec-sss2016.org/wp/wp-content/uploads/2015/12/4e9366fe15aedc2a363644f88fe1959e-300x225.jpg]
[C:/Users/kitahashi/Documents/高安研HP/apec2016/apec-sss2016.org/wp/wp-content/uploads/2015/12/2f795610c59390318124a562c9a5beed.jpg]
[C:/Users/kitahashi/Documents/高安研HP/apec2016/apec-sss2016.org/wp/wp-content/uploads/2015/12/2f795610c59390318124a562c9a5beed-300x225.jpg]
[C:/Users/kitahashi/Documents/高安研HP/apec2016/apec-sss2016.org/wp/wp-content/uploads/2015/12/IMG_4294.jpg]
[C:/Users/kitahashi/Documents/高安研HP/apec2016/apec-sss2016.org/wp/wp-content/uploads/2015/12/IMG_4294-300x225.jpg]
[C:/Users/kitahashi/Documents/高安研HP/apec2016/apec-sss2016.org/wp/wp-content/uploads/2015/12/0875e830873130a81925da3c2800a1bf.jpg]
[C:/Users/kitahashi/Documents/高安研HP/apec2016/apec-sss2016.org/wp/wp-content/uploads/2015/12/0875e830873130a81925da3c2800a1bf-300x225.jpg]
[C:/Users/kitahashi/Documents/高安研HP/apec2016/apec-sss2016.org/wp/sanjo-conference-hall/index.html]
[C:/Users/kitahashi/Documents/高安研HP/apec2016/apec-sss2016.org/wp/wp-json/oembed/1.0/embed505d.json]
[C:/Users/kitahashi/Documents/高安研HP/apec2016/apec-sss2016.org/wp/wp-json/oembed/1.0/embede403]
[C:/Users/kitahashi/Documents/高安研HP/apec2016/apec-sss2016.org/wp/wp-content/uploads/2016/08/koshiba00.jpg]
[C:/Users/kitahashi/Documents/高安研HP/apec2016/apec-sss2016.org/wp/wp-content/uploads/2016/08/koshiba02.jpg]
[C:/Users/kitahashi/Documents/高安研HP/apec2016/apec-sss2016.org/wp/wp-content/uploads/2016/08/koshiba01.jpg]
[C:/Users/kitahashi/Documents/高安研HP/apec2016/apec-sss2016.org/wp/koshiba-hall/index.html]
[C:/Users/kitahashi/Documents/高安研HP/apec2016/apec-sss2016.org/wp/wp-json/oembed/1.0/embed5957.json]
[C:/Users/kitahashi/Documents/高安研HP/apec2016/apec-sss2016.org/wp/wp-json/oembed/1.0/embed07c6]
[C:/Users/kitahashi/Documents/高安研HP/apec2016/apec-sss2016.org/wp/wp-content/uploads/2016/08/banquet1.png]
[C:/Users/kitahashi/Documents/高安研HP/apec2016/apec-sss2016.org/wp/wp-content/uploads/2016/08/banquet_001.jpg]
[C:/Users/kitahashi/Documents/高安研HP/apec2016/apec-sss2016.org/wp/wp-content/uploads/2016/08/banquete_002.jpg]
[C:/Users/kitahashi/Documents/高安研HP/apec2016/apec-sss2016.org/wp/banquet-3/index.html]
[C:/Users/kitahashi/Documents/高安研HP/apec2016/apec-sss2016.org/wp/wp-json/oembed/1.0/embeddd97.json]
[C:/Users/kitahashi/Documents/高安研HP/apec2016/apec-sss2016.org/wp/wp-json/oembed/1.0/embedeaad]
[C:/Users/kitahashi/Documents/高安研HP/apec2016/apec-sss2016.org/wp/important-dates/index.html]
[C:/Users/kitahashi/Documents/高安研HP/apec2016/apec-sss2016.org/wp/wp-json/oembed/1.0/embed8ec7.json]
[C:/Users/kitahashi/Documents/高安研HP/apec2016/apec-sss2016.org/wp/wp-json/oembed/1.0/embed9477]
[C:/Users/kitahashi/Documents/高安研HP/apec2016/apec-sss2016.org/wp/invited-talks/index.html]
[C:/Users/kitahashi/Documents/高安研HP/apec2016/apec-sss2016.org/wp/wp-json/oembed/1.0/embedcc89.json]
[C:/Users/kitahashi/Documents/高安研HP/apec2016/apec-sss2016.org/wp/wp-json/oembed/1.0/embedf953]
[C:/Users/kitahashi/Documents/高安研HP/apec2016/apec-sss2016.org/wp/call-for-papers/index.html]
[C:/Users/kitahashi/Documents/高安研HP/apec2016/apec-sss2016.org/wp/wp-json/oembed/1.0/embed954c.json]
[C:/Users/kitahashi/Documents/高安研HP/apec2016/apec-sss2016.org/wp/wp-json/oembed/1.0/embedc667]
[C:/Users/kitahashi/Documents/高安研HP/apec2016/apec-sss2016.org/wp/for-presentators/index.html]
[C:/Users/kitahashi/Documents/高安研HP/apec2016/apec-sss2016.org/wp/wp-json/oembed/1.0/embed4e99.json]
[C:/Users/kitahashi/Documents/高安研HP/apec2016/apec-sss2016.org/wp/wp-json/oembed/1.0/embed6333]
[C:/Users/kitahashi/Documents/高安研HP/apec2016/apec-sss2016.org/wp/wp-content/uploads/2016/08/APEC2016.zip]
[C:/Users/kitahashi/Documents/高安研HP/apec2016/apec-sss2016.org/wp/wp-content/uploads/2016/08/program_NL.pdf]
[C:/Users/kitahashi/Documents/高安研HP/apec2016/apec-sss2016.org/wp/wp-content/uploads/2016/07/program_at-a-grance9.png]
[C:/Users/kitahashi/Documents/高安研HP/apec2016/apec-sss2016.org/wp/program/index.html]
[C:/Users/kitahashi/Documents/高安研HP/apec2016/apec-sss2016.org/wp/wp-json/oembed/1.0/embedcb84.json]
[C:/Users/kitahashi/Documents/高安研HP/apec2016/apec-sss2016.org/wp/wp-json/oembed/1.0/embed136d]
[C:/Users/kitahashi/Documents/高安研HP/apec2016/apec-sss2016.org/wp/wp-content/uploads/2016/07/program_at-a-grance8.png]
[C:/Users/kitahashi/Documents/高安研HP/apec2016/apec-sss2016.org/wp/at-a-glance/index.html]
[C:/Users/kitahashi/Documents/高安研HP/apec2016/apec-sss2016.org/wp/wp-json/oembed/1.0/embed1e30.json]
[C:/Users/kitahashi/Documents/高安研HP/apec2016/apec-sss2016.org/wp/wp-json/oembed/1.0/embed5d6e]
[C:/Users/kitahashi/Documents/高安研HP/apec2016/apec-sss2016.org/wp/24th-program/index.html]
[C:/Users/kitahashi/Documents/高安研HP/apec2016/apec-sss2016.org/wp/wp-json/oembed/1.0/embed56d3.json]
[C:/Users/kitahashi/Documents/高安研HP/apec2016/apec-sss2016.org/wp/wp-json/oembed/1.0/embed26e9]
[C:/Users/kitahashi/Documents/高安研HP/apec2016/apec-sss2016.org/wp/25th-program/index.html]
[C:/Users/kitahashi/Documents/高安研HP/apec2016/apec-sss2016.org/wp/wp-json/oembed/1.0/embed1ef4.json]
[C:/Users/kitahashi/Documents/高安研HP/apec2016/apec-sss2016.org/wp/wp-json/oembed/1.0/embeddb69]
[C:/Users/kitahashi/Documents/高安研HP/apec2016/apec-sss2016.org/wp/26th-program/index.html]
[C:/Users/kitahashi/Documents/高安研HP/apec2016/apec-sss2016.org/wp/wp-json/oembed/1.0/embedfcdd.json]
[C:/Users/kitahashi/Documents/高安研HP/apec2016/apec-sss2016.org/wp/wp-json/oembed/1.0/embed5712]
[C:/Users/kitahashi/Documents/高安研HP/apec2016/apec-sss2016.org/wp/registration/index.html]
[C:/Users/kitahashi/Documents/高安研HP/apec2016/apec-sss2016.org/wp/wp-json/oembed/1.0/embed17a9.json]
[C:/Users/kitahashi/Documents/高安研HP/apec2016/apec-sss2016.org/wp/wp-json/oembed/1.0/embed2df8]
[C:/Users/kitahashi/Documents/高安研HP/apec2016/apec-sss2016.org/wp/wp-content/uploads/2015/12/864afde29356fa062c31b968cfcb0de6.jpg]
[C:/Users/kitahashi/Documents/高安研HP/apec2016/apec-sss2016.org/wp/wp-content/uploads/2015/12/ADAMLogoEng-1024x288.png]
[C:/Users/kitahashi/Documents/高安研HP/apec2016/apec-sss2016.org/wp/wp-content/uploads/2015/12/EBS-300x150.jpg]
[C:/Users/kitahashi/Documents/高安研HP/apec2016/apec-sss2016.org/wp/sponsers/index.html]
[C:/Users/kitahashi/Documents/高安研HP/apec2016/apec-sss2016.org/wp/wp-json/oembed/1.0/embed7f77.json]
[C:/Users/kitahashi/Documents/高安研HP/apec2016/apec-sss2016.org/wp/wp-json/oembed/1.0/embed2384]
[C:/Users/kitahashi/Documents/高安研HP/apec2016/apec-sss2016.org/wp/wp-content/uploads/2016/07/unnamed.jpg]
[C:/Users/kitahashi/Documents/高安研HP/apec2016/apec-sss2016.org/wp/wp-content/uploads/2016/07/JPS_logo-1-300x52.png]
[C:/Users/kitahashi/Documents/高安研HP/apec2016/apec-sss2016.org/wp/wp-content/uploads/2016/07/jst-logo.png]
[C:/Users/kitahashi/Documents/高安研HP/apec2016/apec-sss2016.org/wp/wp-content/uploads/2016/07/jsai_logo-300x166-300x166.png]
[C:/Users/kitahashi/Documents/高安研HP/apec2016/apec-sss2016.org/wp/supporting-organizations/index.html]
[C:/Users/kitahashi/Documents/高安研HP/apec2016/apec-sss2016.org/wp/wp-json/oembed/1.0/embed34bb.json]
[C:/Users/kitahashi/Documents/高安研HP/apec2016/apec-sss2016.org/wp/wp-json/oembed/1.0/embed660d]
[C:/Users/kitahashi/Documents/高安研HP/apec2016/apec-sss2016.org/wp/committees/index.html]
[C:/Users/kitahashi/Documents/高安研HP/apec2016/apec-sss2016.org/wp/wp-json/oembed/1.0/embeddf78.json]
[C:/Users/kitahashi/Documents/高安研HP/apec2016/apec-sss2016.org/wp/wp-json/oembed/1.0/embed62bf]
[C:/Users/kitahashi/Documents/高安研HP/apec2016/apec-sss2016.org/wp/committees/organizers/index.html]
[C:/Users/kitahashi/Documents/高安研HP/apec2016/apec-sss2016.org/wp/wp-json/oembed/1.0/embed1e18.json]
[C:/Users/kitahashi/Documents/高安研HP/apec2016/apec-sss2016.org/wp/wp-json/oembed/1.0/embedacdd]
[C:/Users/kitahashi/Documents/高安研HP/apec2016/apec-sss2016.org/wp/committees/scientific-committee/index.html]
[C:/Users/kitahashi/Documents/高安研HP/apec2016/apec-sss2016.org/wp/wp-json/oembed/1.0/embed79b1.json]
[C:/Users/kitahashi/Documents/高安研HP/apec2016/apec-sss2016.org/wp/wp-json/oembed/1.0/embed096c]
[C:/Users/kitahashi/Documents/高安研HP/apec2016/apec-sss2016.org/wp/committees/steering-committee/index.html]
[C:/Users/kitahashi/Documents/高安研HP/apec2016/apec-sss2016.org/wp/wp-json/oembed/1.0/embedaeae.json]
[C:/Users/kitahashi/Documents/高安研HP/apec2016/apec-sss2016.org/wp/wp-json/oembed/1.0/embed7b49]
[C:/Users/kitahashi/Documents/高安研HP/apec2016/apec-sss2016.org/wp/proceedings/index.html]
[C:/Users/kitahashi/Documents/高安研HP/apec2016/apec-sss2016.org/wp/wp-json/oembed/1.0/embedcd9e.json]
[C:/Users/kitahashi/Documents/高安研HP/apec2016/apec-sss2016.org/wp/blog/2016/01/02/apec2016-web-site-open-2/feed/index.html]
[C:/Users/kitahashi/Documents/高安研HP/apec2016/apec-sss2016.org/wp/wp-json/oembed/1.0/embed4fac]
[C:/Users/kitahashi/Documents/高安研HP/apec2016/apec-sss2016.org/wp/blog/2016/01/02/apec2016-web-site-open-2/index.html]
[C:/Users/kitahashi/Documents/高安研HP/apec2016/apec-sss2016.org/wp/wp-content/plugins/download-manager/assets/font-awesome/fonts/fontawesome-webfont93e3.svg]
[C:/Users/kitahashi/Documents/高安研HP/apec2016/apec-sss2016.org/wp/wp-content/plugins/download-manager/assets/bootstrap/fonts/glyphicons-halflings-regular.html]
[C:/Users/kitahashi/Documents/高安研HP/apec2016/apec-sss2016.org/wp/wp-content/plugins/download-manager/assets/bootstrap/fonts/glyphicons-halflings-regular.svg]
[C:/Users/kitahashi/Documents/高安研HP/apec2016/apec-sss2016.org/wp/wp-content/themes/zerif-lite/fonts/fontawesome-webfont78ce.svg]
[C:/Users/kitahashi/Documents/高安研HP/apec2016/apec-sss2016.org/wp/jp/xmlrpc.php]
[C:/Users/kitahashi/Documents/高安研HP/apec2016/apec-sss2016.org/wp/jp/wp-content/plugins/download-manager/assets/font-awesome/fonts/fontawesome-webfont93e3.eot]
[C:/Users/kitahashi/Documents/高安研HP/apec2016/apec-sss2016.org/wp/jp/wp-content/plugins/download-manager/assets/font-awesome/fonts/fontawesome-webfontd41d.eot]
[C:/Users/kitahashi/Documents/高安研HP/apec2016/apec-sss2016.org/wp/jp/wp-content/plugins/download-manager/assets/font-awesome/fonts/fontawesome-webfont93e3.woff2]
[C:/Users/kitahashi/Documents/高安研HP/apec2016/apec-sss2016.org/wp/jp/wp-content/plugins/download-manager/assets/font-awesome/fonts/fontawesome-webfont93e3.woff]
[C:/Users/kitahashi/Documents/高安研HP/apec2016/apec-sss2016.org/wp/jp/wp-content/plugins/download-manager/assets/font-awesome/fonts/fontawesome-webfont93e3.ttf]
[C:/Users/kitahashi/Documents/高安研HP/apec2016/apec-sss2016.org/wp/jp/wp-content/plugins/download-manager/assets/font-awesome/css/font-awesome.min.css]
[C:/Users/kitahashi/Documents/高安研HP/apec2016/apec-sss2016.org/wp/jp/wp-content/plugins/download-manager/assets/bootstrap/fonts/glyphicons-halflings-regular.eot]
[C:/Users/kitahashi/Documents/高安研HP/apec2016/apec-sss2016.org/wp/jp/wp-content/plugins/download-manager/assets/bootstrap/fonts/glyphicons-halflings-regulard41d.eot]
[C:/Users/kitahashi/Documents/高安研HP/apec2016/apec-sss2016.org/wp/jp/wp-content/plugins/download-manager/assets/bootstrap/fonts/glyphicons-halflings-regular.woff]
[C:/Users/kitahashi/Documents/高安研HP/apec2016/apec-sss2016.org/wp/jp/wp-content/plugins/download-manager/assets/bootstrap/fonts/glyphicons-halflings-regular.ttf]
[C:/Users/kitahashi/Documents/高安研HP/apec2016/apec-sss2016.org/wp/jp/wp-content/plugins/download-manager/assets/bootstrap/css/bootstrap.css]
[C:/Users/kitahashi/Documents/高安研HP/apec2016/apec-sss2016.org/wp/jp/wp-content/plugins/download-manager/assets/images/wpdm-settings.png]
[C:/Users/kitahashi/Documents/高安研HP/apec2016/apec-sss2016.org/wp/jp/wp-content/plugins/download-manager/assets/images/plus.png]
[C:/Users/kitahashi/Documents/高安研HP/apec2016/apec-sss2016.org/wp/jp/wp-content/plugins/download-manager/assets/css/front.css]
[C:/Users/kitahashi/Documents/高安研HP/apec2016/apec-sss2016.org/wp/jp/wp-content/plugins/pirate-forms/css/front.css]
[C:/Users/kitahashi/Documents/高安研HP/apec2016/apec-sss2016.org/wp/jp/wp-content/themes/zerif-lite/css/bootstrap.css]
[C:/Users/kitahashi/Documents/高安研HP/apec2016/apec-sss2016.org/wp/jp/wp-content/themes/zerif-lite/images/search_icon.png]
[C:/Users/kitahashi/Documents/高安研HP/apec2016/apec-sss2016.org/wp/jp/wp-content/themes/zerif-lite/images/loading.gif]
[C:/Users/kitahashi/Documents/高安研HP/apec2016/apec-sss2016.org/wp/jp/wp-content/themes/zerif-lite/images/left-arrow.png]
[C:/Users/kitahashi/Documents/高安研HP/apec2016/apec-sss2016.org/wp/jp/wp-content/themes/zerif-lite/images/right-arrow.png]
[C:/Users/kitahashi/Documents/高安研HP/apec2016/apec-sss2016.org/wp/jp/wp-content/themes/zerif-lite/images/lines.png]
[C:/Users/kitahashi/Documents/高安研HP/apec2016/apec-sss2016.org/wp/jp/wp-content/themes/zerif-lite/images/lines-dark.png]
[C:/Users/kitahashi/Documents/高安研HP/apec2016/apec-sss2016.org/wp/jp/wp-content/themes/zerif-lite/images/woostars.png]
[C:/Users/kitahashi/Documents/高安研HP/apec2016/apec-sss2016.org/wp/jp/wp-content/themes/zerif-lite/images/menu-icon.png]
[C:/Users/kitahashi/Documents/高安研HP/apec2016/apec-sss2016.org/wp/jp/wp-content/themes/zerif-lite/style.css]
[C:/Users/kitahashi/Documents/高安研HP/apec2016/apec-sss2016.org/wp/jp/wp-content/themes/zerif-lite/fonts/fontawesome-webfont78ce.eot]
[C:/Users/kitahashi/Documents/高安研HP/apec2016/apec-sss2016.org/wp/jp/wp-content/themes/zerif-lite/fonts/fontawesome-webfontd41d.eot]
[C:/Users/kitahashi/Documents/高安研HP/apec2016/apec-sss2016.org/wp/jp/wp-content/themes/zerif-lite/fonts/fontawesome-webfont78ce.woff]
[C:/Users/kitahashi/Documents/高安研HP/apec2016/apec-sss2016.org/wp/jp/wp-content/themes/zerif-lite/fonts/fontawesome-webfont78ce.ttf]
[C:/Users/kitahashi/Documents/高安研HP/apec2016/apec-sss2016.org/wp/jp/wp-content/themes/zerif-lite/css/font-awesome.min.css]
[C:/Users/kitahashi/Documents/高安研HP/apec2016/apec-sss2016.org/wp/jp/wp-content/themes/zerif-lite/css/pixeden-icons.css]
[C:/Users/kitahashi/Documents/高安研HP/apec2016/apec-sss2016.org/wp/jp/wp-content/themes/zerius/images/search.png]
[C:/Users/kitahashi/Documents/高安研HP/apec2016/apec-sss2016.org/wp/jp/wp-content/themes/zerius/images/shattered.png]
[C:/Users/kitahashi/Documents/高安研HP/apec2016/apec-sss2016.org/wp/jp/wp-content/themes/zerius/images/agsquare.png]
[C:/Users/kitahashi/Documents/高安研HP/apec2016/apec-sss2016.org/wp/jp/wp-content/themes/zerius/images/load.gif]
[C:/Users/kitahashi/Documents/高安研HP/apec2016/apec-sss2016.org/wp/jp/wp-content/themes/zerius/images/noise.png]
[C:/Users/kitahashi/Documents/高安研HP/apec2016/apec-sss2016.org/wp/jp/wp-content/themes/zerius/style.css]
[C:/Users/kitahashi/Documents/高安研HP/apec2016/apec-sss2016.org/wp/jp/wp-content/themes/zerif-lite/css/responsive.css]
[C:/Users/kitahashi/Documents/高安研HP/apec2016/apec-sss2016.org/wp/jp/wp-content/plugins/multilingual-press/assets/css/frontend.min.css]
[C:/Users/kitahashi/Documents/高安研HP/apec2016/apec-sss2016.org/wp/jp/wp-json/index.html]
[C:/Users/kitahashi/Documents/高安研HP/apec2016/apec-sss2016.org/wp/jp/index.html]
[C:/Users/kitahashi/Documents/高安研HP/apec2016/apec-sss2016.org/wp/jp/wp-admin/admin-ajax.html]
[C:/Users/kitahashi/Documents/高安研HP/apec2016/apec-sss2016.org/wp/indexb5be.html]
[C:/Users/kitahashi/Documents/高安研HP/apec2016/apec-sss2016.org/wp/jp/wp-content/uploads/sites/2/2016/08/HongoCampus_all_jp.pdf]
[C:/Users/kitahashi/Documents/高安研HP/apec2016/apec-sss2016.org/wp/jp/wp-content/uploads/sites/2/2016/08/AccessMap_jp.gif]
[C:/Users/kitahashi/Documents/高安研HP/apec2016/apec-sss2016.org/wp/jp/wp-content/uploads/sites/2/2016/08/HongoCampus_all_jp.jpg]
[C:/Users/kitahashi/Documents/高安研HP/apec2016/apec-sss2016.org/wp/wp-content/uploads/2016/01/theus_small.jpg]
[C:/Users/kitahashi/Documents/高安研HP/apec2016/apec-sss2016.org/wp/jp/venue/index.html]
[C:/Users/kitahashi/Documents/高安研HP/apec2016/apec-sss2016.org/wp/jp/本郷キャンパス/index.html]
[C:/Users/kitahashi/Documents/高安研HP/apec2016/apec-sss2016.org/wp/jp/山上会館/index.html]
[C:/Users/kitahashi/Documents/高安研HP/apec2016/apec-sss2016.org/wp/jp/小柴ホール/index.html]
[C:/Users/kitahashi/Documents/高安研HP/apec2016/apec-sss2016.org/wp/jp/バンケット会場/index.html]
[C:/Users/kitahashi/Documents/高安研HP/apec2016/apec-sss2016.org/wp/jp/important-dates/index.html]
[C:/Users/kitahashi/Documents/高安研HP/apec2016/apec-sss2016.org/wp/jp/invited-talks/index.html]
[C:/Users/kitahashi/Documents/高安研HP/apec2016/apec-sss2016.org/wp/jp/call-for-papers/index.html]
[C:/Users/kitahashi/Documents/高安研HP/apec2016/apec-sss2016.org/wp/jp/発表者向け情報/index.html]
[C:/Users/kitahashi/Documents/高安研HP/apec2016/apec-sss2016.org/wp/jp/プログラム/index.html]
[C:/Users/kitahashi/Documents/高安研HP/apec2016/apec-sss2016.org/wp/jp/一覧用/index.html]
[C:/Users/kitahashi/Documents/高安研HP/apec2016/apec-sss2016.org/wp/jp/8月24日（水）/index.html]
[C:/Users/kitahashi/Documents/高安研HP/apec2016/apec-sss2016.org/wp/jp/8月25日（木）/index.html]
[C:/Users/kitahashi/Documents/高安研HP/apec2016/apec-sss2016.org/wp/jp/8月26日（金）/index.html]
[C:/Users/kitahashi/Documents/高安研HP/apec2016/apec-sss2016.org/wp/jp/registration/index.html]
[C:/Users/kitahashi/Documents/高安研HP/apec2016/apec-sss2016.org/wp/jp/sponsers/index.html]
[C:/Users/kitahashi/Documents/高安研HP/apec2016/apec-sss2016.org/wp/jp/後援・協賛/index.html]
[C:/Users/kitahashi/Documents/高安研HP/apec2016/apec-sss2016.org/wp/jp/committees/index.html]
[C:/Users/kitahashi/Documents/高安研HP/apec2016/apec-sss2016.org/wp/jp/committees/organizers/index.html]
[C:/Users/kitahashi/Documents/高安研HP/apec2016/apec-sss2016.org/wp/jp/committees/scientific-committee/index.html]
[C:/Users/kitahashi/Documents/高安研HP/apec2016/apec-sss2016.org/wp/jp/committees/steering-committee/index.html]
[C:/Users/kitahashi/Documents/高安研HP/apec2016/apec-sss2016.org/wp/jp/プロシーディングス/index.html]
[C:/Users/kitahashi/Documents/高安研HP/apec2016/apec-sss2016.org/wp/jp/2016/01/08/hello-world/index.html]
[C:/Users/kitahashi/Documents/高安研HP/apec2016/apec-sss2016.org/wp/index9cd7.html]
[C:/Users/kitahashi/Documents/高安研HP/apec2016/apec-sss2016.org/wp/jp/venue/index8695.html]
[C:/Users/kitahashi/Documents/高安研HP/apec2016/apec-sss2016.org/wp/indexc3ba.html]
[C:/Users/kitahashi/Documents/高安研HP/apec2016/apec-sss2016.org/wp/jp/本郷キャンパス/index8695.html]
[C:/Users/kitahashi/Documents/高安研HP/apec2016/apec-sss2016.org/wp/indexcaf0.html]
[C:/Users/kitahashi/Documents/高安研HP/apec2016/apec-sss2016.org/wp/jp/山上会館/index8695.html]
[C:/Users/kitahashi/Documents/高安研HP/apec2016/apec-sss2016.org/wp/index3922.html]
[C:/Users/kitahashi/Documents/高安研HP/apec2016/apec-sss2016.org/wp/jp/小柴ホール/index8695.html]
[C:/Users/kitahashi/Documents/高安研HP/apec2016/apec-sss2016.org/wp/indexedce.html]
[C:/Users/kitahashi/Documents/高安研HP/apec2016/apec-sss2016.org/wp/jp/バンケット会場/index8695.html]
[C:/Users/kitahashi/Documents/高安研HP/apec2016/apec-sss2016.org/wp/index6c46.html]
[C:/Users/kitahashi/Documents/高安研HP/apec2016/apec-sss2016.org/wp/jp/important-dates/index8695.html]
[C:/Users/kitahashi/Documents/高安研HP/apec2016/apec-sss2016.org/wp/index2dc4.html]
[C:/Users/kitahashi/Documents/高安研HP/apec2016/apec-sss2016.org/wp/jp/invited-talks/index8695.html]
[C:/Users/kitahashi/Documents/高安研HP/apec2016/apec-sss2016.org/wp/indexb5fb.html]
[C:/Users/kitahashi/Documents/高安研HP/apec2016/apec-sss2016.org/wp/jp/call-for-papers/index8695.html]
[C:/Users/kitahashi/Documents/高安研HP/apec2016/apec-sss2016.org/wp/download/abstract-template/index.html]
[C:/Users/kitahashi/Documents/高安研HP/apec2016/apec-sss2016.org/wp/index5051.html]
[C:/Users/kitahashi/Documents/高安研HP/apec2016/apec-sss2016.org/wp/jp/発表者向け情報/index8695.html]
[C:/Users/kitahashi/Documents/高安研HP/apec2016/apec-sss2016.org/wp/index03e1.html]
[C:/Users/kitahashi/Documents/高安研HP/apec2016/apec-sss2016.org/wp/jp/プログラム/index8695.html]
[C:/Users/kitahashi/Documents/高安研HP/apec2016/apec-sss2016.org/wp/indexc2ef.html]
[C:/Users/kitahashi/Documents/高安研HP/apec2016/apec-sss2016.org/wp/jp/一覧用/index8695.html]
[C:/Users/kitahashi/Documents/高安研HP/apec2016/apec-sss2016.org/wp/sanjo-conference-hall/indexb5be.html]
[C:/Users/kitahashi/Documents/高安研HP/apec2016/apec-sss2016.org/wp/indexfbc5.html]
[C:/Users/kitahashi/Documents/高安研HP/apec2016/apec-sss2016.org/wp/jp/8月24日（水）/index8695.html]
[C:/Users/kitahashi/Documents/高安研HP/apec2016/apec-sss2016.org/wp/index67bc.html]
[C:/Users/kitahashi/Documents/高安研HP/apec2016/apec-sss2016.org/wp/jp/8月25日（木）/index8695.html]
[C:/Users/kitahashi/Documents/高安研HP/apec2016/apec-sss2016.org/wp/indexd251.html]
[C:/Users/kitahashi/Documents/高安研HP/apec2016/apec-sss2016.org/wp/jp/8月26日（金）/index8695.html]
[C:/Users/kitahashi/Documents/高安研HP/apec2016/apec-sss2016.org/wp/index5757.html]
[C:/Users/kitahashi/Documents/高安研HP/apec2016/apec-sss2016.org/wp/jp/registration/index8695.html]
[C:/Users/kitahashi/Documents/高安研HP/apec2016/apec-sss2016.org/wp/index0d0b.html]
[C:/Users/kitahashi/Documents/高安研HP/apec2016/apec-sss2016.org/wp/jp/sponsers/index8695.html]
[C:/Users/kitahashi/Documents/高安研HP/apec2016/apec-sss2016.org/wp/index0eba.html]
[C:/Users/kitahashi/Documents/高安研HP/apec2016/apec-sss2016.org/wp/jp/後援・協賛/index8695.html]
[C:/Users/kitahashi/Documents/高安研HP/apec2016/apec-sss2016.org/wp/indexe9b4.html]
[C:/Users/kitahashi/Documents/高安研HP/apec2016/apec-sss2016.org/wp/jp/committees/index8695.html]
[C:/Users/kitahashi/Documents/高安研HP/apec2016/apec-sss2016.org/wp/organizers/index.html]
[C:/Users/kitahashi/Documents/高安研HP/apec2016/apec-sss2016.org/wp/steering-committee/index.html]
[C:/Users/kitahashi/Documents/高安研HP/apec2016/apec-sss2016.org/wp/scientific-committee/index.html]
[C:/Users/kitahashi/Documents/高安研HP/apec2016/apec-sss2016.org/wp/index2cce.html]
[C:/Users/kitahashi/Documents/高安研HP/apec2016/apec-sss2016.org/wp/jp/committees/organizers/index8695.html]
[C:/Users/kitahashi/Documents/高安研HP/apec2016/apec-sss2016.org/wp/index1e7e.html]
[C:/Users/kitahashi/Documents/高安研HP/apec2016/apec-sss2016.org/wp/jp/committees/scientific-committee/index8695.html]
[C:/Users/kitahashi/Documents/高安研HP/apec2016/apec-sss2016.org/wp/index8cd4.html]
[C:/Users/kitahashi/Documents/高安研HP/apec2016/apec-sss2016.org/wp/jp/committees/steering-committee/index8695.html]
[C:/Users/kitahashi/Documents/高安研HP/apec2016/apec-sss2016.org/wp/index4c50.html]
[C:/Users/kitahashi/Documents/高安研HP/apec2016/apec-sss2016.org/wp/index970c.html]
[C:/Users/kitahashi/Documents/高安研HP/apec2016/apec-sss2016.org/wp/blog/author/sakaki/index.html]
[C:/Users/kitahashi/Documents/高安研HP/apec2016/apec-sss2016.org/wp/wp-login16fc.html]
[C:/Users/kitahashi/Documents/高安研HP/apec2016/apec-sss2016.org/wp/jp/wp-content/plugins/download-manager/assets/font-awesome/fonts/fontawesome-webfont93e3.svg]
[C:/Users/kitahashi/Documents/高安研HP/apec2016/apec-sss2016.org/wp/jp/wp-content/plugins/download-manager/assets/bootstrap/fonts/glyphicons-halflings-regular.html]
[C:/Users/kitahashi/Documents/高安研HP/apec2016/apec-sss2016.org/wp/jp/wp-content/plugins/download-manager/assets/bootstrap/fonts/glyphicons-halflings-regular.svg]
[C:/Users/kitahashi/Documents/高安研HP/apec2016/apec-sss2016.org/wp/jp/wp-content/themes/zerif-lite/fonts/fontawesome-webfont78ce.svg]
[C:/Users/kitahashi/Documents/高安研HP/apec2016/apec-sss2016.org/wp/jp/index094d.html]
[C:/Users/kitahashi/Documents/高安研HP/apec2016/apec-sss2016.org/wp/jp/wp-json/oembed/1.0/embeda712.html]
[C:/Users/kitahashi/Documents/高安研HP/apec2016/apec-sss2016.org/wp/jp/wp-json/oembed/1.0/embeda67c.html]
[C:/Users/kitahashi/Documents/高安研HP/apec2016/apec-sss2016.org/wp/venue/indexb5be.html]
[C:/Users/kitahashi/Documents/高安研HP/apec2016/apec-sss2016.org/wp/jp/committees/local-steering-committee/index.html]
[C:/Users/kitahashi/Documents/高安研HP/apec2016/apec-sss2016.org/wp/jp/indexe1a1.html]
[C:/Users/kitahashi/Documents/高安研HP/apec2016/apec-sss2016.org/wp/jp/wp-json/oembed/1.0/embedfe47.html]
[C:/Users/kitahashi/Documents/高安研HP/apec2016/apec-sss2016.org/wp/jp/wp-json/oembed/1.0/embed8d9c.html]
[C:/Users/kitahashi/Documents/高安研HP/apec2016/apec-sss2016.org/wp/hongo-campus/indexb5be.html]
[C:/Users/kitahashi/Documents/高安研HP/apec2016/apec-sss2016.org/wp/jp/index88a0.html]
[C:/Users/kitahashi/Documents/高安研HP/apec2016/apec-sss2016.org/wp/jp/wp-json/oembed/1.0/embed38bd.html]
[C:/Users/kitahashi/Documents/高安研HP/apec2016/apec-sss2016.org/wp/jp/wp-json/oembed/1.0/embedc737.html]
[C:/Users/kitahashi/Documents/高安研HP/apec2016/apec-sss2016.org/wp/jp/index8cf0.html]
[C:/Users/kitahashi/Documents/高安研HP/apec2016/apec-sss2016.org/wp/jp/wp-json/oembed/1.0/embed4a90.html]
[C:/Users/kitahashi/Documents/高安研HP/apec2016/apec-sss2016.org/wp/jp/wp-json/oembed/1.0/embed8768.html]
[C:/Users/kitahashi/Documents/高安研HP/apec2016/apec-sss2016.org/wp/koshiba-hall/indexb5be.html]
[C:/Users/kitahashi/Documents/高安研HP/apec2016/apec-sss2016.org/wp/jp/index65a9.html]
[C:/Users/kitahashi/Documents/高安研HP/apec2016/apec-sss2016.org/wp/jp/wp-json/oembed/1.0/embedd3ad.html]
[C:/Users/kitahashi/Documents/高安研HP/apec2016/apec-sss2016.org/wp/jp/wp-json/oembed/1.0/embed14dd.html]
[C:/Users/kitahashi/Documents/高安研HP/apec2016/apec-sss2016.org/wp/banquet-3/indexb5be.html]
[C:/Users/kitahashi/Documents/高安研HP/apec2016/apec-sss2016.org/wp/jp/wp-json/oembed/1.0/embed0358.html]
[C:/Users/kitahashi/Documents/高安研HP/apec2016/apec-sss2016.org/wp/wp-content/themes/zerif-lite/assets/pd-icons/icon-monitor.html]
[C:/Users/kitahashi/Documents/高安研HP/apec2016/apec-sss2016.org/wp/wp-content/themes/zerif-lite/assets/pd-icons/icon-camera.html]
[C:/Users/kitahashi/Documents/高安研HP/apec2016/apec-sss2016.org/wp/wp-content/themes/zerif-lite/assets/pd-icons/icon-check.html]
[C:/Users/kitahashi/Documents/高安研HP/apec2016/apec-sss2016.org/wp/wp-content/themes/zerif-lite/assets/pd-icons/icon-openmail.html]
[C:/Users/kitahashi/Documents/高安研HP/apec2016/apec-sss2016.org/wp/wp-content/themes/zerif-lite/assets/pd-icons/icon-worldmap.html]
[C:/Users/kitahashi/Documents/高安研HP/apec2016/apec-sss2016.org/wp/wp-content/themes/zerif-lite/assets/pd-icons/icon-voicemail.html]
[C:/Users/kitahashi/Documents/高安研HP/apec2016/apec-sss2016.org/wp/wp-content/themes/zerif-lite/assets/pd-icons/icon-wallet.html]
[C:/Users/kitahashi/Documents/高安研HP/apec2016/apec-sss2016.org/wp/wp-content/themes/zerif-lite/assets/pd-icons/icon-view.html]
[C:/Users/kitahashi/Documents/高安研HP/apec2016/apec-sss2016.org/wp/wp-content/themes/zerif-lite/assets/pd-icons/icon-user.html]
[C:/Users/kitahashi/Documents/高安研HP/apec2016/apec-sss2016.org/wp/wp-content/themes/zerif-lite/assets/pd-icons/icon-upload2.html]
[C:/Users/kitahashi/Documents/高安研HP/apec2016/apec-sss2016.org/wp/wp-content/themes/zerif-lite/assets/pd-icons/icon-upload.html]
[C:/Users/kitahashi/Documents/高安研HP/apec2016/apec-sss2016.org/wp/wp-content/themes/zerif-lite/assets/pd-icons/icon-truck.html]
[C:/Users/kitahashi/Documents/高安研HP/apec2016/apec-sss2016.org/wp/wp-content/themes/zerif-lite/assets/pd-icons/icon-ticket.html]
[C:/Users/kitahashi/Documents/高安研HP/apec2016/apec-sss2016.org/wp/wp-content/themes/zerif-lite/assets/pd-icons/icon-tablet.html]
[C:/Users/kitahashi/Documents/高安研HP/apec2016/apec-sss2016.org/wp/wp-content/themes/zerif-lite/assets/pd-icons/icon-statistics.html]
[C:/Users/kitahashi/Documents/高安研HP/apec2016/apec-sss2016.org/wp/wp-content/themes/zerif-lite/assets/pd-icons/icon-shop.html]
[C:/Users/kitahashi/Documents/高安研HP/apec2016/apec-sss2016.org/wp/wp-content/themes/zerif-lite/assets/pd-icons/icon-search.html]
[C:/Users/kitahashi/Documents/高安研HP/apec2016/apec-sss2016.org/wp/wp-content/themes/zerif-lite/assets/pd-icons/icon-ribbon.html]
[C:/Users/kitahashi/Documents/高安研HP/apec2016/apec-sss2016.org/wp/wp-content/themes/zerif-lite/assets/pd-icons/icon-responsive.html]
[C:/Users/kitahashi/Documents/高安研HP/apec2016/apec-sss2016.org/wp/wp-content/themes/zerif-lite/assets/pd-icons/icon-print.html]
[C:/Users/kitahashi/Documents/高安研HP/apec2016/apec-sss2016.org/wp/wp-content/themes/zerif-lite/assets/pd-icons/icon-portfolio.html]
[C:/Users/kitahashi/Documents/高安研HP/apec2016/apec-sss2016.org/wp/wp-content/themes/zerif-lite/assets/pd-icons/icon-photo.html]
[C:/Users/kitahashi/Documents/高安研HP/apec2016/apec-sss2016.org/wp/wp-content/themes/zerif-lite/assets/pd-icons/icon-phone.html]
[C:/Users/kitahashi/Documents/高安研HP/apec2016/apec-sss2016.org/wp/wp-content/themes/zerif-lite/assets/pd-icons/icon-notes.html]
[C:/Users/kitahashi/Documents/高安研HP/apec2016/apec-sss2016.org/wp/wp-content/themes/zerif-lite/assets/pd-icons/icon-money.html]
[C:/Users/kitahashi/Documents/高安研HP/apec2016/apec-sss2016.org/wp/wp-content/themes/zerif-lite/assets/pd-icons/icon-media.html]
[C:/Users/kitahashi/Documents/高安研HP/apec2016/apec-sss2016.org/wp/wp-content/themes/zerif-lite/assets/pd-icons/icon-map.html]
[C:/Users/kitahashi/Documents/高安研HP/apec2016/apec-sss2016.org/wp/wp-content/themes/zerif-lite/assets/pd-icons/icon-lock.html]
[C:/Users/kitahashi/Documents/高安研HP/apec2016/apec-sss2016.org/wp/wp-content/themes/zerif-lite/assets/pd-icons/icon-help.html]
[C:/Users/kitahashi/Documents/高安研HP/apec2016/apec-sss2016.org/wp/wp-content/themes/zerif-lite/assets/pd-icons/icon-heart.html]
[C:/Users/kitahashi/Documents/高安研HP/apec2016/apec-sss2016.org/wp/wp-content/themes/zerif-lite/assets/pd-icons/icon-graph.html]
[C:/Users/kitahashi/Documents/高安研HP/apec2016/apec-sss2016.org/wp/wp-content/themes/zerif-lite/assets/pd-icons/icon-folder.html]
[C:/Users/kitahashi/Documents/高安研HP/apec2016/apec-sss2016.org/wp/wp-content/themes/zerif-lite/assets/pd-icons/icon-flag.html]
[C:/Users/kitahashi/Documents/高安研HP/apec2016/apec-sss2016.org/wp/wp-content/themes/zerif-lite/assets/pd-icons/icon-film.html]
[C:/Users/kitahashi/Documents/高安研HP/apec2016/apec-sss2016.org/wp/wp-content/themes/zerif-lite/assets/pd-icons/icon-file.html]
[C:/Users/kitahashi/Documents/高安研HP/apec2016/apec-sss2016.org/wp/wp-content/themes/zerif-lite/assets/pd-icons/icon-drop.html]
[C:/Users/kitahashi/Documents/高安研HP/apec2016/apec-sss2016.org/wp/wp-content/themes/zerif-lite/assets/pd-icons/icon-download.html]
[C:/Users/kitahashi/Documents/高安研HP/apec2016/apec-sss2016.org/wp/wp-content/themes/zerif-lite/assets/pd-icons/icon-disk.html]
[C:/Users/kitahashi/Documents/高安研HP/apec2016/apec-sss2016.org/wp/wp-content/themes/zerif-lite/assets/pd-icons/icon-culture.html]
[C:/Users/kitahashi/Documents/高安研HP/apec2016/apec-sss2016.org/wp/wp-content/themes/zerif-lite/assets/pd-icons/icon-console.html]
[C:/Users/kitahashi/Documents/高安研HP/apec2016/apec-sss2016.org/wp/wp-content/themes/zerif-lite/assets/pd-icons/icon-config.html]
[C:/Users/kitahashi/Documents/高安研HP/apec2016/apec-sss2016.org/wp/wp-content/themes/zerif-lite/assets/pd-icons/icon-compas.html]
[C:/Users/kitahashi/Documents/高安研HP/apec2016/apec-sss2016.org/wp/wp-content/themes/zerif-lite/assets/pd-icons/icon-comments.html]
[C:/Users/kitahashi/Documents/高安研HP/apec2016/apec-sss2016.org/wp/wp-content/themes/zerif-lite/assets/pd-icons/icon-clock.html]
[C:/Users/kitahashi/Documents/高安研HP/apec2016/apec-sss2016.org/wp/wp-content/themes/zerif-lite/assets/pd-icons/icon-calendar.html]
[C:/Users/kitahashi/Documents/高安研HP/apec2016/apec-sss2016.org/wp/wp-content/themes/zerif-lite/assets/pd-icons/icon-book.html]
[C:/Users/kitahashi/Documents/高安研HP/apec2016/apec-sss2016.org/wp/wp-content/themes/zerif-lite/assets/pd-icons/icon-bag2.html]
[C:/Users/kitahashi/Documents/高安研HP/apec2016/apec-sss2016.org/wp/wp-content/themes/zerif-lite/assets/pd-icons/icon-bag.html]
[C:/Users/kitahashi/Documents/高安研HP/apec2016/apec-sss2016.org/wp/wp-content/themes/zerif-lite/assets/pd-icons/icon-arrows.html]
[C:/Users/kitahashi/Documents/高安研HP/apec2016/apec-sss2016.org/wp/wp-content/uploads/2016/08/APEC2016.zip]
[C:/Users/kitahashi/Documents/高安研HP/apec2016/apec-sss2016.org/wp/jp/wp-content/themes/zerif-lite/assets/pd-icons/icon-monitor.html]
[C:/Users/kitahashi/Documents/高安研HP/apec2016/apec-sss2016.org/wp/jp/wp-content/themes/zerif-lite/assets/pd-icons/icon-camera.html]
[C:/Users/kitahashi/Documents/高安研HP/apec2016/apec-sss2016.org/wp/jp/wp-content/themes/zerif-lite/assets/pd-icons/icon-check.html]
[C:/Users/kitahashi/Documents/高安研HP/apec2016/apec-sss2016.org/wp/jp/wp-content/themes/zerif-lite/assets/pd-icons/icon-openmail.html]
[C:/Users/kitahashi/Documents/高安研HP/apec2016/apec-sss2016.org/wp/jp/wp-content/themes/zerif-lite/assets/pd-icons/icon-worldmap.html]
[C:/Users/kitahashi/Documents/高安研HP/apec2016/apec-sss2016.org/wp/jp/wp-content/themes/zerif-lite/assets/pd-icons/icon-voicemail.html]
[C:/Users/kitahashi/Documents/高安研HP/apec2016/apec-sss2016.org/wp/jp/wp-content/themes/zerif-lite/assets/pd-icons/icon-wallet.html]
[C:/Users/kitahashi/Documents/高安研HP/apec2016/apec-sss2016.org/wp/jp/wp-content/themes/zerif-lite/assets/pd-icons/icon-view.html]
[C:/Users/kitahashi/Documents/高安研HP/apec2016/apec-sss2016.org/wp/jp/wp-content/themes/zerif-lite/assets/pd-icons/icon-user.html]
[C:/Users/kitahashi/Documents/高安研HP/apec2016/apec-sss2016.org/wp/jp/wp-content/themes/zerif-lite/assets/pd-icons/icon-upload2.html]
[C:/Users/kitahashi/Documents/高安研HP/apec2016/apec-sss2016.org/wp/jp/wp-content/themes/zerif-lite/assets/pd-icons/icon-upload.html]
[C:/Users/kitahashi/Documents/高安研HP/apec2016/apec-sss2016.org/wp/jp/wp-content/themes/zerif-lite/assets/pd-icons/icon-truck.html]
[C:/Users/kitahashi/Documents/高安研HP/apec2016/apec-sss2016.org/wp/jp/wp-content/themes/zerif-lite/assets/pd-icons/icon-ticket.html]
[C:/Users/kitahashi/Documents/高安研HP/apec2016/apec-sss2016.org/wp/jp/wp-content/themes/zerif-lite/assets/pd-icons/icon-tablet.html]
[C:/Users/kitahashi/Documents/高安研HP/apec2016/apec-sss2016.org/wp/jp/wp-content/themes/zerif-lite/assets/pd-icons/icon-statistics.html]
[C:/Users/kitahashi/Documents/高安研HP/apec2016/apec-sss2016.org/wp/jp/wp-content/themes/zerif-lite/assets/pd-icons/icon-shop.html]
[C:/Users/kitahashi/Documents/高安研HP/apec2016/apec-sss2016.org/wp/jp/wp-content/themes/zerif-lite/assets/pd-icons/icon-search.html]
[C:/Users/kitahashi/Documents/高安研HP/apec2016/apec-sss2016.org/wp/jp/wp-content/themes/zerif-lite/assets/pd-icons/icon-ribbon.html]
[C:/Users/kitahashi/Documents/高安研HP/apec2016/apec-sss2016.org/wp/jp/wp-content/themes/zerif-lite/assets/pd-icons/icon-responsive.html]
[C:/Users/kitahashi/Documents/高安研HP/apec2016/apec-sss2016.org/wp/jp/wp-content/themes/zerif-lite/assets/pd-icons/icon-print.html]
[C:/Users/kitahashi/Documents/高安研HP/apec2016/apec-sss2016.org/wp/jp/wp-content/themes/zerif-lite/assets/pd-icons/icon-portfolio.html]
[C:/Users/kitahashi/Documents/高安研HP/apec2016/apec-sss2016.org/wp/jp/wp-content/themes/zerif-lite/assets/pd-icons/icon-photo.html]
[C:/Users/kitahashi/Documents/高安研HP/apec2016/apec-sss2016.org/wp/jp/wp-content/themes/zerif-lite/assets/pd-icons/icon-phone.html]
[C:/Users/kitahashi/Documents/高安研HP/apec2016/apec-sss2016.org/wp/jp/wp-content/themes/zerif-lite/assets/pd-icons/icon-notes.html]
[C:/Users/kitahashi/Documents/高安研HP/apec2016/apec-sss2016.org/wp/jp/wp-content/themes/zerif-lite/assets/pd-icons/icon-money.html]
[C:/Users/kitahashi/Documents/高安研HP/apec2016/apec-sss2016.org/wp/jp/wp-content/themes/zerif-lite/assets/pd-icons/icon-media.html]
[C:/Users/kitahashi/Documents/高安研HP/apec2016/apec-sss2016.org/wp/jp/wp-content/themes/zerif-lite/assets/pd-icons/icon-map.html]
[C:/Users/kitahashi/Documents/高安研HP/apec2016/apec-sss2016.org/wp/jp/wp-content/themes/zerif-lite/assets/pd-icons/icon-lock.html]
[C:/Users/kitahashi/Documents/高安研HP/apec2016/apec-sss2016.org/wp/jp/wp-content/themes/zerif-lite/assets/pd-icons/icon-help.html]
[C:/Users/kitahashi/Documents/高安研HP/apec2016/apec-sss2016.org/wp/jp/wp-content/themes/zerif-lite/assets/pd-icons/icon-heart.html]
[C:/Users/kitahashi/Documents/高安研HP/apec2016/apec-sss2016.org/wp/jp/wp-content/themes/zerif-lite/assets/pd-icons/icon-graph.html]
[C:/Users/kitahashi/Documents/高安研HP/apec2016/apec-sss2016.org/wp/jp/wp-content/themes/zerif-lite/assets/pd-icons/icon-folder.html]
[C:/Users/kitahashi/Documents/高安研HP/apec2016/apec-sss2016.org/wp/jp/wp-content/themes/zerif-lite/assets/pd-icons/icon-flag.html]
[C:/Users/kitahashi/Documents/高安研HP/apec2016/apec-sss2016.org/wp/jp/wp-content/themes/zerif-lite/assets/pd-icons/icon-film.html]
[C:/Users/kitahashi/Documents/高安研HP/apec2016/apec-sss2016.org/wp/jp/wp-content/themes/zerif-lite/assets/pd-icons/icon-file.html]
[C:/Users/kitahashi/Documents/高安研HP/apec2016/apec-sss2016.org/wp/jp/wp-content/themes/zerif-lite/assets/pd-icons/icon-drop.html]
[C:/Users/kitahashi/Documents/高安研HP/apec2016/apec-sss2016.org/wp/jp/wp-content/themes/zerif-lite/assets/pd-icons/icon-download.html]
[C:/Users/kitahashi/Documents/高安研HP/apec2016/apec-sss2016.org/wp/jp/wp-content/themes/zerif-lite/assets/pd-icons/icon-disk.html]
[C:/Users/kitahashi/Documents/高安研HP/apec2016/apec-sss2016.org/wp/jp/wp-content/themes/zerif-lite/assets/pd-icons/icon-culture.html]
[C:/Users/kitahashi/Documents/高安研HP/apec2016/apec-sss2016.org/wp/jp/wp-content/themes/zerif-lite/assets/pd-icons/icon-console.html]
[C:/Users/kitahashi/Documents/高安研HP/apec2016/apec-sss2016.org/wp/jp/wp-content/themes/zerif-lite/assets/pd-icons/icon-config.html]
[C:/Users/kitahashi/Documents/高安研HP/apec2016/apec-sss2016.org/wp/jp/wp-content/themes/zerif-lite/assets/pd-icons/icon-compas.html]
[C:/Users/kitahashi/Documents/高安研HP/apec2016/apec-sss2016.org/wp/jp/wp-content/themes/zerif-lite/assets/pd-icons/icon-comments.html]
[C:/Users/kitahashi/Documents/高安研HP/apec2016/apec-sss2016.org/wp/jp/wp-content/themes/zerif-lite/assets/pd-icons/icon-clock.html]
[C:/Users/kitahashi/Documents/高安研HP/apec2016/apec-sss2016.org/wp/jp/wp-content/themes/zerif-lite/assets/pd-icons/icon-calendar.html]
[C:/Users/kitahashi/Documents/高安研HP/apec2016/apec-sss2016.org/wp/jp/wp-content/themes/zerif-lite/assets/pd-icons/icon-book.html]
[C:/Users/kitahashi/Documents/高安研HP/apec2016/apec-sss2016.org/wp/jp/wp-content/themes/zerif-lite/assets/pd-icons/icon-bag2.html]
[C:/Users/kitahashi/Documents/高安研HP/apec2016/apec-sss2016.org/wp/jp/wp-content/themes/zerif-lite/assets/pd-icons/icon-bag.html]
[C:/Users/kitahashi/Documents/高安研HP/apec2016/apec-sss2016.org/wp/jp/wp-content/themes/zerif-lite/assets/pd-icons/icon-arrows.html]
[C:/Users/kitahashi/Documents/高安研HP/apec2016/apec-sss2016.org/wp/jp/wp-content/uploads/sites/2/2016/08/HongoCampus_all_jp.pdf]
[C:/Users/kitahashi/Documents/高安研HP/apec2016/apec-sss2016.org/wp/jp/index2dc8.html]
[C:/Users/kitahashi/Documents/高安研HP/apec2016/apec-sss2016.org/wp/jp/wp-json/oembed/1.0/embed5bd9]
[C:/Users/kitahashi/Documents/高安研HP/apec2016/apec-sss2016.org/wp/important-dates/indexb5be.html]
[C:/Users/kitahashi/Documents/高安研HP/apec2016/apec-sss2016.org/wp/jp/indexdd23.html]
[C:/Users/kitahashi/Documents/高安研HP/apec2016/apec-sss2016.org/wp/jp/wp-json/oembed/1.0/embede515]
[C:/Users/kitahashi/Documents/高安研HP/apec2016/apec-sss2016.org/wp/jp/wp-json/oembed/1.0/embedb7af]
[C:/Users/kitahashi/Documents/高安研HP/apec2016/apec-sss2016.org/wp/invited-talks/indexb5be.html]
[C:/Users/kitahashi/Documents/高安研HP/apec2016/apec-sss2016.org/wp/jp/index5fb3.html]
[C:/Users/kitahashi/Documents/高安研HP/apec2016/apec-sss2016.org/wp/jp/wp-json/oembed/1.0/embed4a53]
[C:/Users/kitahashi/Documents/高安研HP/apec2016/apec-sss2016.org/wp/jp/wp-json/oembed/1.0/embed3cd6]
[C:/Users/kitahashi/Documents/高安研HP/apec2016/apec-sss2016.org/wp/call-for-papers/indexb5be.html]
[C:/Users/kitahashi/Documents/高安研HP/apec2016/apec-sss2016.org/wp/jp/download/abstract-template/index.html]
[C:/Users/kitahashi/Documents/高安研HP/apec2016/apec-sss2016.org/wp/jp/index0325.html]
[C:/Users/kitahashi/Documents/高安研HP/apec2016/apec-sss2016.org/wp/jp/wp-json/oembed/1.0/embedea74]
[C:/Users/kitahashi/Documents/高安研HP/apec2016/apec-sss2016.org/wp/jp/wp-json/oembed/1.0/embed45fd]
[C:/Users/kitahashi/Documents/高安研HP/apec2016/apec-sss2016.org/wp/for-presentators/indexb5be.html]
[C:/Users/kitahashi/Documents/高安研HP/apec2016/apec-sss2016.org/wp/jp/indexe4c6.html]
[C:/Users/kitahashi/Documents/高安研HP/apec2016/apec-sss2016.org/wp/jp/wp-json/oembed/1.0/embede553]
[C:/Users/kitahashi/Documents/高安研HP/apec2016/apec-sss2016.org/wp/jp/wp-json/oembed/1.0/embeda0b3]
[C:/Users/kitahashi/Documents/高安研HP/apec2016/apec-sss2016.org/wp/program/indexb5be.html]
[C:/Users/kitahashi/Documents/高安研HP/apec2016/apec-sss2016.org/wp/jp/index0114.html]
[C:/Users/kitahashi/Documents/高安研HP/apec2016/apec-sss2016.org/wp/jp/wp-json/oembed/1.0/embedaf46]
[C:/Users/kitahashi/Documents/高安研HP/apec2016/apec-sss2016.org/wp/jp/wp-json/oembed/1.0/embed23de]
[C:/Users/kitahashi/Documents/高安研HP/apec2016/apec-sss2016.org/wp/at-a-glance/indexb5be.html]
[C:/Users/kitahashi/Documents/高安研HP/apec2016/apec-sss2016.org/wp/jp/indexba1b.html]
[C:/Users/kitahashi/Documents/高安研HP/apec2016/apec-sss2016.org/wp/jp/wp-json/oembed/1.0/embed2947]
[C:/Users/kitahashi/Documents/高安研HP/apec2016/apec-sss2016.org/wp/jp/wp-json/oembed/1.0/embed8c4e]
[C:/Users/kitahashi/Documents/高安研HP/apec2016/apec-sss2016.org/wp/24th-program/indexb5be.html]
[C:/Users/kitahashi/Documents/高安研HP/apec2016/apec-sss2016.org/wp/jp/indexc094.html]
[C:/Users/kitahashi/Documents/高安研HP/apec2016/apec-sss2016.org/wp/jp/wp-json/oembed/1.0/embed2d9f]
[C:/Users/kitahashi/Documents/高安研HP/apec2016/apec-sss2016.org/wp/jp/wp-json/oembed/1.0/embed7d0c]
[C:/Users/kitahashi/Documents/高安研HP/apec2016/apec-sss2016.org/wp/25th-program/indexb5be.html]
[C:/Users/kitahashi/Documents/高安研HP/apec2016/apec-sss2016.org/wp/jp/index50f6.html]
[C:/Users/kitahashi/Documents/高安研HP/apec2016/apec-sss2016.org/wp/jp/wp-json/oembed/1.0/embedbd8c]
[C:/Users/kitahashi/Documents/高安研HP/apec2016/apec-sss2016.org/wp/jp/wp-json/oembed/1.0/embed40b9]
[C:/Users/kitahashi/Documents/高安研HP/apec2016/apec-sss2016.org/wp/26th-program/indexb5be.html]
[C:/Users/kitahashi/Documents/高安研HP/apec2016/apec-sss2016.org/wp/jp/indexcc0f.html]
[C:/Users/kitahashi/Documents/高安研HP/apec2016/apec-sss2016.org/wp/jp/wp-json/oembed/1.0/embede3aa]
[C:/Users/kitahashi/Documents/高安研HP/apec2016/apec-sss2016.org/wp/jp/wp-json/oembed/1.0/embed97b7]
[C:/Users/kitahashi/Documents/高安研HP/apec2016/apec-sss2016.org/wp/registration/indexb5be.html]
[C:/Users/kitahashi/Documents/高安研HP/apec2016/apec-sss2016.org/wp/jp/index6213.html]
[C:/Users/kitahashi/Documents/高安研HP/apec2016/apec-sss2016.org/wp/jp/wp-json/oembed/1.0/embed563a]
[C:/Users/kitahashi/Documents/高安研HP/apec2016/apec-sss2016.org/wp/jp/wp-json/oembed/1.0/embedc3c8]
[C:/Users/kitahashi/Documents/高安研HP/apec2016/apec-sss2016.org/wp/sponsers/indexb5be.html]
[C:/Users/kitahashi/Documents/高安研HP/apec2016/apec-sss2016.org/wp/jp/wp-content/uploads/sites/2/2016/01/864afde29356fa062c31b968cfcb0de6.jpg]
[C:/Users/kitahashi/Documents/高安研HP/apec2016/apec-sss2016.org/wp/jp/wp-content/uploads/sites/2/2016/01/ADAMLogoEng-1024x288.png]
[C:/Users/kitahashi/Documents/高安研HP/apec2016/apec-sss2016.org/wp/jp/wp-content/uploads/sites/2/2016/01/EBS-300x150.jpg]
[C:/Users/kitahashi/Documents/高安研HP/apec2016/apec-sss2016.org/wp/jp/index7b17.html]
[C:/Users/kitahashi/Documents/高安研HP/apec2016/apec-sss2016.org/wp/jp/wp-json/oembed/1.0/embed4740]
[C:/Users/kitahashi/Documents/高安研HP/apec2016/apec-sss2016.org/wp/jp/wp-json/oembed/1.0/embed3571]
[C:/Users/kitahashi/Documents/高安研HP/apec2016/apec-sss2016.org/wp/supporting-organizations/indexb5be.html]
[C:/Users/kitahashi/Documents/高安研HP/apec2016/apec-sss2016.org/wp/jp/wp-content/uploads/sites/2/2016/05/unnamed.jpg]
[C:/Users/kitahashi/Documents/高安研HP/apec2016/apec-sss2016.org/wp/jp/wp-content/uploads/sites/2/2016/07/JPS_logo-1-300x52.png]
[C:/Users/kitahashi/Documents/高安研HP/apec2016/apec-sss2016.org/wp/jp/wp-content/uploads/sites/2/2016/07/logo_jst-300x70.gif]
[C:/Users/kitahashi/Documents/高安研HP/apec2016/apec-sss2016.org/wp/jp/wp-content/uploads/sites/2/2016/07/jsai_logo-300x166-300x166.png]
[C:/Users/kitahashi/Documents/高安研HP/apec2016/apec-sss2016.org/wp/jp/indexcbb6.html]
[C:/Users/kitahashi/Documents/高安研HP/apec2016/apec-sss2016.org/wp/jp/wp-json/oembed/1.0/embed663c]
[C:/Users/kitahashi/Documents/高安研HP/apec2016/apec-sss2016.org/wp/jp/wp-json/oembed/1.0/embed0433]
[C:/Users/kitahashi/Documents/高安研HP/apec2016/apec-sss2016.org/wp/committees/indexb5be.html]
[C:/Users/kitahashi/Documents/高安研HP/apec2016/apec-sss2016.org/wp/jp/index7ea6.html]
[C:/Users/kitahashi/Documents/高安研HP/apec2016/apec-sss2016.org/wp/jp/wp-json/oembed/1.0/embed1840]
[C:/Users/kitahashi/Documents/高安研HP/apec2016/apec-sss2016.org/wp/jp/wp-json/oembed/1.0/embed2477]
[C:/Users/kitahashi/Documents/高安研HP/apec2016/apec-sss2016.org/wp/committees/organizers/indexb5be.html]
[C:/Users/kitahashi/Documents/高安研HP/apec2016/apec-sss2016.org/wp/jp/index5c90.html]
[C:/Users/kitahashi/Documents/高安研HP/apec2016/apec-sss2016.org/wp/jp/wp-json/oembed/1.0/embeda80a]
[C:/Users/kitahashi/Documents/高安研HP/apec2016/apec-sss2016.org/wp/jp/wp-json/oembed/1.0/embed7179]
[C:/Users/kitahashi/Documents/高安研HP/apec2016/apec-sss2016.org/wp/committees/scientific-committee/indexb5be.html]
[C:/Users/kitahashi/Documents/高安研HP/apec2016/apec-sss2016.org/wp/jp/index4170.html]
[C:/Users/kitahashi/Documents/高安研HP/apec2016/apec-sss2016.org/wp/jp/wp-json/oembed/1.0/embed6c49]
[C:/Users/kitahashi/Documents/高安研HP/apec2016/apec-sss2016.org/wp/jp/wp-json/oembed/1.0/embed359f]
[C:/Users/kitahashi/Documents/高安研HP/apec2016/apec-sss2016.org/wp/committees/steering-committee/indexb5be.html]
[C:/Users/kitahashi/Documents/高安研HP/apec2016/apec-sss2016.org/wp/jp/indexd06c.html]
[C:/Users/kitahashi/Documents/高安研HP/apec2016/apec-sss2016.org/wp/jp/wp-json/oembed/1.0/embedbd93]
[C:/Users/kitahashi/Documents/高安研HP/apec2016/apec-sss2016.org/wp/jp/wp-json/oembed/1.0/embed052a]
[C:/Users/kitahashi/Documents/高安研HP/apec2016/apec-sss2016.org/wp/jp/2016/01/08/hello-world/feed/index.html]
[C:/Users/kitahashi/Documents/高安研HP/apec2016/apec-sss2016.org/wp/jp/indexcff1.html]
[C:/Users/kitahashi/Documents/高安研HP/apec2016/apec-sss2016.org/wp/jp/wp-json/oembed/1.0/embedaefc]
[C:/Users/kitahashi/Documents/高安研HP/apec2016/apec-sss2016.org/wp/jp/wp-json/oembed/1.0/embedf940]
[C:/Users/kitahashi/Documents/高安研HP/apec2016/apec-sss2016.org/wp/jp/author/sakaki/index.html]
[C:/Users/kitahashi/Documents/高安研HP/apec2016/apec-sss2016.org/wp/jp/wp-content/plugins/akismet/_inc/form.js]
[C:/Users/kitahashi/Documents/高安研HP/apec2016/apec-sss2016.org/wp/wp-content/plugins/download-manager/assets/js/jquery.dataTables.min.js]
[C:/Users/kitahashi/Documents/高安研HP/apec2016/apec-sss2016.org/wp/download/all-time-table/index.html]
[C:/Users/kitahashi/Documents/高安研HP/apec2016/apec-sss2016.org/wp/indexb950.html]
[C:/Users/kitahashi/Documents/高安研HP/apec2016/apec-sss2016.org/wp/wp-json/oembed/1.0/embedaf10]
[C:/Users/kitahashi/Documents/高安研HP/apec2016/apec-sss2016.org/wp/wp-json/oembed/1.0/embedd24c]
[C:/Users/kitahashi/Documents/高安研HP/apec2016/apec-sss2016.org/wp/download/abstract-template/indexcfcc.html]
[C:/Users/kitahashi/Documents/高安研HP/apec2016/apec-sss2016.org/wp/download/abstract-template/index9314.php]
[C:/Users/kitahashi/Documents/高安研HP/apec2016/apec-sss2016.org/wp/blog/author/sakaki/feed/index.html]
[C:/Users/kitahashi/Documents/高安研HP/apec2016/apec-sss2016.org/wp/wp-admin/load-styles2b87.php]
[C:/Users/kitahashi/Documents/高安研HP/apec2016/apec-sss2016.org/wp/wp-loginc2b6.php]
[C:/Users/kitahashi/Documents/高安研HP/apec2016/apec-sss2016.org/wp/jp/index94b0.html]
[C:/Users/kitahashi/Documents/高安研HP/apec2016/apec-sss2016.org/wp/jp/wp-json/oembed/1.0/embed370e]
[C:/Users/kitahashi/Documents/高安研HP/apec2016/apec-sss2016.org/wp/jp/wp-json/oembed/1.0/embeded62]
